[0m18:26:22.375917 [debug] [MainThread]: Sending event: {'category': 'dbt', 'action': 'invocation', 'label': 'start', 'context': [<snowplow_tracker.self_describing_json.SelfDescribingJson object at 0x113330410>, <snowplow_tracker.self_describing_json.SelfDescribingJson object at 0x113335ad0>, <snowplow_tracker.self_describing_json.SelfDescribingJson object at 0x1133690d0>]}


============================== 18:26:22.380603 | 32bb1081-c3e8-4da8-bba5-4cd658366aac ==============================
[0m18:26:22.380603 [info ] [MainThread]: Running with dbt=1.8.2
[0m18:26:22.380976 [debug] [MainThread]: running dbt with arguments {'printer_width': '80', 'indirect_selection': 'eager', 'log_cache_events': 'False', 'write_json': 'True', 'partial_parse': 'True', 'cache_selected_only': 'False', 'warn_error': 'None', 'fail_fast': 'False', 'debug': 'False', 'log_path': 'logs', 'version_check': 'True', 'profiles_dir': '/Users/ivan/downloads/de-ecommerce-warehouse/dbt', 'use_colors': 'True', 'use_experimental_parser': 'False', 'no_print': 'None', 'quiet': 'False', 'log_format': 'default', 'introspect': 'True', 'invocation_command': 'dbt debug', 'static_parser': 'True', 'target_path': 'None', 'warn_error_options': 'WarnErrorOptions(include=[], exclude=[])', 'send_anonymous_usage_stats': 'True'}
[0m18:26:22.391483 [info ] [MainThread]: dbt version: 1.8.2
[0m18:26:22.391761 [info ] [MainThread]: python version: 3.11.13
[0m18:26:22.391931 [info ] [MainThread]: python path: /Users/ivan/Downloads/de-ecommerce-warehouse/.venv/bin/python
[0m18:26:22.392072 [info ] [MainThread]: os info: macOS-15.6-arm64-arm-64bit
[0m18:26:22.440768 [info ] [MainThread]: Using profiles dir at /Users/ivan/downloads/de-ecommerce-warehouse/dbt
[0m18:26:22.441057 [info ] [MainThread]: Using profiles.yml file at /Users/ivan/downloads/de-ecommerce-warehouse/dbt/profiles.yml
[0m18:26:22.441197 [info ] [MainThread]: Using dbt_project.yml file at /Users/ivan/Downloads/de-ecommerce-warehouse/dbt_project.yml
[0m18:26:22.441721 [info ] [MainThread]: adapter type: postgres
[0m18:26:22.442001 [info ] [MainThread]: adapter version: 1.8.2
[0m18:26:22.442186 [info ] [MainThread]: Configuration:
[0m18:26:22.442382 [info ] [MainThread]:   profiles.yml file [[32mOK found and valid[0m]
[0m18:26:22.442575 [info ] [MainThread]:   dbt_project.yml file [[31mERROR not found[0m]
[0m18:26:22.442721 [info ] [MainThread]: Required dependencies:
[0m18:26:22.442968 [debug] [MainThread]: Executing "git --help"
[0m18:26:22.462120 [debug] [MainThread]: STDOUT: "b"usage: git [-v | --version] [-h | --help] [-C <path>] [-c <name>=<value>]\n           [--exec-path[=<path>]] [--html-path] [--man-path] [--info-path]\n           [-p | --paginate | -P | --no-pager] [--no-replace-objects] [--no-lazy-fetch]\n           [--no-optional-locks] [--no-advice] [--bare] [--git-dir=<path>]\n           [--work-tree=<path>] [--namespace=<name>] [--config-env=<name>=<envvar>]\n           <command> [<args>]\n\nThese are common Git commands used in various situations:\n\nstart a working area (see also: git help tutorial)\n   clone      Clone a repository into a new directory\n   init       Create an empty Git repository or reinitialize an existing one\n\nwork on the current change (see also: git help everyday)\n   add        Add file contents to the index\n   mv         Move or rename a file, a directory, or a symlink\n   restore    Restore working tree files\n   rm         Remove files from the working tree and from the index\n\nexamine the history and state (see also: git help revisions)\n   bisect     Use binary search to find the commit that introduced a bug\n   diff       Show changes between commits, commit and working tree, etc\n   grep       Print lines matching a pattern\n   log        Show commit logs\n   show       Show various types of objects\n   status     Show the working tree status\n\ngrow, mark and tweak your common history\n   backfill   Download missing objects in a partial clone\n   branch     List, create, or delete branches\n   commit     Record changes to the repository\n   merge      Join two or more development histories together\n   rebase     Reapply commits on top of another base tip\n   reset      Reset current HEAD to the specified state\n   switch     Switch branches\n   tag        Create, list, delete or verify a tag object signed with GPG\n\ncollaborate (see also: git help workflows)\n   fetch      Download objects and refs from another repository\n   pull       Fetch from and integrate with another repository or a local branch\n   push       Update remote refs along with associated objects\n\n'git help -a' and 'git help -g' list available subcommands and some\nconcept guides. See 'git help <command>' or 'git help <concept>'\nto read about a specific subcommand or concept.\nSee 'git help git' for an overview of the system.\n""
[0m18:26:22.463055 [debug] [MainThread]: STDERR: "b''"
[0m18:26:22.463247 [info ] [MainThread]:  - git [[32mOK found[0m]

[0m18:26:22.463417 [info ] [MainThread]: Connection:
[0m18:26:22.463592 [info ] [MainThread]:   host: localhost
[0m18:26:22.463709 [info ] [MainThread]:   port: 5432
[0m18:26:22.463821 [info ] [MainThread]:   user: postgres
[0m18:26:22.463930 [info ] [MainThread]:   database: ecom_warehouse
[0m18:26:22.464037 [info ] [MainThread]:   schema: staging
[0m18:26:22.464148 [info ] [MainThread]:   connect_timeout: 10
[0m18:26:22.464255 [info ] [MainThread]:   role: None
[0m18:26:22.464367 [info ] [MainThread]:   search_path: None
[0m18:26:22.464475 [info ] [MainThread]:   keepalives_idle: 0
[0m18:26:22.464582 [info ] [MainThread]:   sslmode: None
[0m18:26:22.464693 [info ] [MainThread]:   sslcert: None
[0m18:26:22.464805 [info ] [MainThread]:   sslkey: None
[0m18:26:22.464920 [info ] [MainThread]:   sslrootcert: None
[0m18:26:22.465034 [info ] [MainThread]:   application_name: dbt
[0m18:26:22.465143 [info ] [MainThread]:   retries: 1
[0m18:26:22.465508 [info ] [MainThread]: Registered adapter: postgres=1.8.2
[0m18:26:22.710701 [debug] [MainThread]: Acquiring new postgres connection 'debug'
[0m18:26:22.739502 [debug] [MainThread]: Using postgres connection "debug"
[0m18:26:22.739814 [debug] [MainThread]: On debug: select 1 as id
[0m18:26:22.739973 [debug] [MainThread]: Opening a new connection, currently in state init
[0m18:26:22.797866 [debug] [MainThread]: SQL status: SELECT 1 in 0.058 seconds
[0m18:26:22.798477 [debug] [MainThread]: On debug: Close
[0m18:26:22.798662 [info ] [MainThread]:   Connection test: [[32mOK connection ok[0m]

[0m18:26:22.798821 [info ] [MainThread]: [31m1 check failed:[0m
[0m18:26:22.798957 [info ] [MainThread]: Project loading failed for the following reason:
 project path </Users/ivan/Downloads/de-ecommerce-warehouse/dbt_project.yml> not found

[0m18:26:22.934315 [debug] [MainThread]: Resource report: {"command_name": "debug", "command_wall_clock_time": 0.60548145, "process_user_time": 0.780874, "process_kernel_time": 0.248406, "process_mem_max_rss": "113901568", "command_success": false, "process_in_blocks": "0", "process_out_blocks": "0"}
[0m18:26:22.934711 [debug] [MainThread]: Command `dbt debug` failed at 18:26:22.934644 after 0.61 seconds
[0m18:26:22.934897 [debug] [MainThread]: Connection 'debug' was properly closed.
[0m18:26:22.935073 [debug] [MainThread]: Sending event: {'category': 'dbt', 'action': 'invocation', 'label': 'end', 'context': [<snowplow_tracker.self_describing_json.SelfDescribingJson object at 0x1132ff9d0>, <snowplow_tracker.self_describing_json.SelfDescribingJson object at 0x113368050>, <snowplow_tracker.self_describing_json.SelfDescribingJson object at 0x114137210>]}
[0m18:26:22.935277 [debug] [MainThread]: Flushing usage events
[0m18:30:30.125778 [debug] [MainThread]: Sending event: {'category': 'dbt', 'action': 'invocation', 'label': 'start', 'context': [<snowplow_tracker.self_describing_json.SelfDescribingJson object at 0x10a6450d0>, <snowplow_tracker.self_describing_json.SelfDescribingJson object at 0x10a668c50>, <snowplow_tracker.self_describing_json.SelfDescribingJson object at 0x10a6694d0>]}


============================== 18:30:30.129853 | 01a7080d-1064-4261-abf9-4bf4648e836a ==============================
[0m18:30:30.129853 [info ] [MainThread]: Running with dbt=1.8.2
[0m18:30:30.130446 [debug] [MainThread]: running dbt with arguments {'printer_width': '80', 'indirect_selection': 'eager', 'write_json': 'True', 'log_cache_events': 'False', 'partial_parse': 'True', 'cache_selected_only': 'False', 'warn_error': 'None', 'fail_fast': 'False', 'profiles_dir': '/Users/ivan/downloads/de-ecommerce-warehouse/dbt', 'log_path': 'logs', 'version_check': 'True', 'debug': 'False', 'use_colors': 'True', 'use_experimental_parser': 'False', 'no_print': 'None', 'quiet': 'False', 'warn_error_options': 'WarnErrorOptions(include=[], exclude=[])', 'introspect': 'True', 'invocation_command': 'dbt debug', 'log_format': 'default', 'target_path': 'None', 'static_parser': 'True', 'send_anonymous_usage_stats': 'True'}
[0m18:30:30.141194 [info ] [MainThread]: dbt version: 1.8.2
[0m18:30:30.141534 [info ] [MainThread]: python version: 3.11.13
[0m18:30:30.141795 [info ] [MainThread]: python path: /Users/ivan/Downloads/de-ecommerce-warehouse/.venv/bin/python
[0m18:30:30.141989 [info ] [MainThread]: os info: macOS-15.6-arm64-arm-64bit
[0m18:30:30.187303 [info ] [MainThread]: Using profiles dir at /Users/ivan/downloads/de-ecommerce-warehouse/dbt
[0m18:30:30.187570 [info ] [MainThread]: Using profiles.yml file at /Users/ivan/downloads/de-ecommerce-warehouse/dbt/profiles.yml
[0m18:30:30.187700 [info ] [MainThread]: Using dbt_project.yml file at /Users/ivan/Downloads/de-ecommerce-warehouse/dbt_project.yml
[0m18:30:30.188203 [info ] [MainThread]: adapter type: postgres
[0m18:30:30.188541 [info ] [MainThread]: adapter version: 1.8.2
[0m18:30:30.188807 [info ] [MainThread]: Configuration:
[0m18:30:30.188937 [info ] [MainThread]:   profiles.yml file [[32mOK found and valid[0m]
[0m18:30:30.189046 [info ] [MainThread]:   dbt_project.yml file [[31mERROR not found[0m]
[0m18:30:30.189154 [info ] [MainThread]: Required dependencies:
[0m18:30:30.189302 [debug] [MainThread]: Executing "git --help"
[0m18:30:30.211630 [debug] [MainThread]: STDOUT: "b"usage: git [-v | --version] [-h | --help] [-C <path>] [-c <name>=<value>]\n           [--exec-path[=<path>]] [--html-path] [--man-path] [--info-path]\n           [-p | --paginate | -P | --no-pager] [--no-replace-objects] [--no-lazy-fetch]\n           [--no-optional-locks] [--no-advice] [--bare] [--git-dir=<path>]\n           [--work-tree=<path>] [--namespace=<name>] [--config-env=<name>=<envvar>]\n           <command> [<args>]\n\nThese are common Git commands used in various situations:\n\nstart a working area (see also: git help tutorial)\n   clone      Clone a repository into a new directory\n   init       Create an empty Git repository or reinitialize an existing one\n\nwork on the current change (see also: git help everyday)\n   add        Add file contents to the index\n   mv         Move or rename a file, a directory, or a symlink\n   restore    Restore working tree files\n   rm         Remove files from the working tree and from the index\n\nexamine the history and state (see also: git help revisions)\n   bisect     Use binary search to find the commit that introduced a bug\n   diff       Show changes between commits, commit and working tree, etc\n   grep       Print lines matching a pattern\n   log        Show commit logs\n   show       Show various types of objects\n   status     Show the working tree status\n\ngrow, mark and tweak your common history\n   backfill   Download missing objects in a partial clone\n   branch     List, create, or delete branches\n   commit     Record changes to the repository\n   merge      Join two or more development histories together\n   rebase     Reapply commits on top of another base tip\n   reset      Reset current HEAD to the specified state\n   switch     Switch branches\n   tag        Create, list, delete or verify a tag object signed with GPG\n\ncollaborate (see also: git help workflows)\n   fetch      Download objects and refs from another repository\n   pull       Fetch from and integrate with another repository or a local branch\n   push       Update remote refs along with associated objects\n\n'git help -a' and 'git help -g' list available subcommands and some\nconcept guides. See 'git help <command>' or 'git help <concept>'\nto read about a specific subcommand or concept.\nSee 'git help git' for an overview of the system.\n""
[0m18:30:30.212371 [debug] [MainThread]: STDERR: "b''"
[0m18:30:30.212555 [info ] [MainThread]:  - git [[32mOK found[0m]

[0m18:30:30.212713 [info ] [MainThread]: Connection:
[0m18:30:30.212884 [info ] [MainThread]:   host: localhost
[0m18:30:30.213002 [info ] [MainThread]:   port: 5432
[0m18:30:30.213113 [info ] [MainThread]:   user: postgres
[0m18:30:30.213222 [info ] [MainThread]:   database: ecom_warehouse
[0m18:30:30.213331 [info ] [MainThread]:   schema: staging
[0m18:30:30.213436 [info ] [MainThread]:   connect_timeout: 10
[0m18:30:30.213537 [info ] [MainThread]:   role: None
[0m18:30:30.213644 [info ] [MainThread]:   search_path: None
[0m18:30:30.213747 [info ] [MainThread]:   keepalives_idle: 0
[0m18:30:30.213847 [info ] [MainThread]:   sslmode: None
[0m18:30:30.213948 [info ] [MainThread]:   sslcert: None
[0m18:30:30.214047 [info ] [MainThread]:   sslkey: None
[0m18:30:30.214148 [info ] [MainThread]:   sslrootcert: None
[0m18:30:30.214253 [info ] [MainThread]:   application_name: dbt
[0m18:30:30.214357 [info ] [MainThread]:   retries: 1
[0m18:30:30.214674 [info ] [MainThread]: Registered adapter: postgres=1.8.2
[0m18:30:30.268141 [debug] [MainThread]: Acquiring new postgres connection 'debug'
[0m18:30:30.295644 [debug] [MainThread]: Using postgres connection "debug"
[0m18:30:30.295979 [debug] [MainThread]: On debug: select 1 as id
[0m18:30:30.296151 [debug] [MainThread]: Opening a new connection, currently in state init
[0m18:30:30.348393 [debug] [MainThread]: SQL status: SELECT 1 in 0.052 seconds
[0m18:30:30.349027 [debug] [MainThread]: On debug: Close
[0m18:30:30.349224 [info ] [MainThread]:   Connection test: [[32mOK connection ok[0m]

[0m18:30:30.349384 [info ] [MainThread]: [31m1 check failed:[0m
[0m18:30:30.349503 [info ] [MainThread]: Project loading failed for the following reason:
 project path </Users/ivan/Downloads/de-ecommerce-warehouse/dbt_project.yml> not found

[0m18:30:30.352189 [debug] [MainThread]: Resource report: {"command_name": "debug", "command_wall_clock_time": 0.26905146, "process_user_time": 0.774856, "process_kernel_time": 0.237248, "process_mem_max_rss": "118046720", "command_success": false, "process_in_blocks": "0", "process_out_blocks": "0"}
[0m18:30:30.352606 [debug] [MainThread]: Command `dbt debug` failed at 18:30:30.352530 after 0.27 seconds
[0m18:30:30.352843 [debug] [MainThread]: Connection 'debug' was properly closed.
[0m18:30:30.353047 [debug] [MainThread]: Sending event: {'category': 'dbt', 'action': 'invocation', 'label': 'end', 'context': [<snowplow_tracker.self_describing_json.SelfDescribingJson object at 0x10a668550>, <snowplow_tracker.self_describing_json.SelfDescribingJson object at 0x10a669010>, <snowplow_tracker.self_describing_json.SelfDescribingJson object at 0x10b3db610>]}
[0m18:30:30.353411 [debug] [MainThread]: Flushing usage events
[0m17:40:01.683243 [debug] [MainThread]: Sending event: {'category': 'dbt', 'action': 'invocation', 'label': 'start', 'context': [<snowplow_tracker.self_describing_json.SelfDescribingJson object at 0x108ff9970>, <snowplow_tracker.self_describing_json.SelfDescribingJson object at 0x10b02d190>, <snowplow_tracker.self_describing_json.SelfDescribingJson object at 0x10b02dbe0>]}


============================== 17:40:01.687249 | 95572c9f-3e5e-4167-82f8-3cafb76d7a34 ==============================
[0m17:40:01.687249 [info ] [MainThread]: Running with dbt=1.8.2
[0m17:40:01.687831 [debug] [MainThread]: running dbt with arguments {'printer_width': '80', 'indirect_selection': 'eager', 'log_cache_events': 'False', 'write_json': 'True', 'partial_parse': 'True', 'cache_selected_only': 'False', 'profiles_dir': '/Users/ivan/Desktop/de-ecommerce-warehouse/dbt', 'fail_fast': 'False', 'version_check': 'True', 'log_path': 'logs', 'warn_error': 'None', 'debug': 'False', 'use_colors': 'True', 'use_experimental_parser': 'False', 'no_print': 'None', 'quiet': 'False', 'warn_error_options': 'WarnErrorOptions(include=[], exclude=[])', 'static_parser': 'True', 'log_format': 'default', 'invocation_command': 'dbt deps', 'target_path': 'None', 'introspect': 'True', 'send_anonymous_usage_stats': 'True'}
[0m17:40:01.688556 [error] [MainThread]: Encountered an error:
Runtime Error
  No dbt_project.yml found at expected path /Users/ivan/Desktop/de-ecommerce-warehouse/dbt_project.yml
  Verify that each entry within packages.yml (and their transitive dependencies) contains a file named dbt_project.yml
  
[0m17:40:01.691393 [debug] [MainThread]: Resource report: {"command_name": "deps", "command_wall_clock_time": 0.06671113, "process_user_time": 0.84327, "process_kernel_time": 0.220088, "process_mem_max_rss": "93880320", "command_success": false, "process_in_blocks": "0", "process_out_blocks": "0"}
[0m17:40:01.691770 [debug] [MainThread]: Command `dbt deps` failed at 17:40:01.691708 after 0.07 seconds
[0m17:40:01.692062 [debug] [MainThread]: Sending event: {'category': 'dbt', 'action': 'invocation', 'label': 'end', 'context': [<snowplow_tracker.self_describing_json.SelfDescribingJson object at 0x108ff9970>, <snowplow_tracker.self_describing_json.SelfDescribingJson object at 0x10afe38b0>, <snowplow_tracker.self_describing_json.SelfDescribingJson object at 0x10afe3190>]}
[0m17:40:01.692341 [debug] [MainThread]: Flushing usage events
